// Jest Snapshot v1, https://goo.gl/fbAQLP

exports[`App renders App component correctly 1`] = `
<div>
  <header>
    blah header
  </header>
  <main>
    Main
  </main>
  <footer>
    Footer bits and pieces
  </footer>
  <div
    className="hello-world"
  >
    <h1>
      Hello World
    </h1>
  </div>
</div>
`;
